#-----------------------------------------------------------
# Vivado v2020.2 (64-bit)
# SW Build 3064766 on Wed Nov 18 09:12:45 MST 2020
# IP Build 3064653 on Wed Nov 18 14:17:31 MST 2020
# Start of session at: Sat Jun  7 14:40:54 2025
# Process ID: 8596
# Current directory: C:/harman/_HARMAN Team Project/HarmanSA_June_TeamPJ/FlagGame
# Command line: vivado.exe -gui_launcher_event rodinguilauncherevent3492 C:\harman\_HARMAN Team Project\HarmanSA_June_TeamPJ\FlagGame\FlagGame.xpr
# Log file: C:/harman/_HARMAN Team Project/HarmanSA_June_TeamPJ/FlagGame/vivado.log
# Journal file: C:/harman/_HARMAN Team Project/HarmanSA_June_TeamPJ/FlagGame\vivado.jou
#-----------------------------------------------------------
start_gui
open_project {C:/harman/_HARMAN Team Project/HarmanSA_June_TeamPJ/FlagGame/FlagGame.xpr}
update_compile_order -fileset sources_1
update_compile_order -fileset sources_1
add_files -norecurse -scan_for_includes {{C:/harman/_HARMAN Team Project/HarmanSA_June_TeamPJ/FlagGame/FlagGame.srcs/sources_1/TEXT_Display/font_complete.mem}}
add_files -norecurse -scan_for_includes {{C:/harman/_HARMAN Team Project/HarmanSA_June_TeamPJ/FlagGame/FlagGame.srcs/sources_1/TEXT_Display/CMD_display.sv} {C:/harman/_HARMAN Team Project/HarmanSA_June_TeamPJ/FlagGame/FlagGame.srcs/sources_1/TEXT_Display/charactor_display.sv} {C:/harman/_HARMAN Team Project/HarmanSA_June_TeamPJ/FlagGame/FlagGame.srcs/sources_1/TEXT_Display/COUNT_text_display.sv}}
update_compile_order -fileset sources_1
synth_design -rtl -rtl_skip_mlo -name rtl_1
